// Jest Snapshot v1, https://goo.gl/fbAQLP

exports[`<Button /> Renderização botão Ghost 1`] = `
.c0 {
  border: 0;
  cursor: pointer;
  font-weight: bold;
  opacity: 1;
  font-size: 12px;
  font-weight: 400;
  line-height: 1;
  color: white;
  -webkit-transition: opacity 200ms ease-in-out;
  transition: opacity 200ms ease-in-out;
  border-radius: 15px;
  width: NaN%;
}

.c0:hover,
.c0:focus {
  opacity: .5;
}

.c0:disabled {
  cursor: not-allowed;
  opacity: .2;
}

@media only screen and (min-width:0px) {
  .c0 {
    padding: 12px 12px;
  }
}

@media only screen and (min-width:960px) {
  .c0 {
    padding: 12px 26px;
  }
}

@media only screen and (min-width:0px) {
  .c0 {
    font-size: 12px;
    font-weight: 400;
    line-height: 1;
  }
}

@media only screen and (min-width:960px) {
  .c0 {
    display: block;
    font-family: Cabin;
    font-size: 18px;
    font-weight: 400;
    line-height: 1.3;
    margin-bottom: 10px;
  }
}

<button
  class="c0"
>
  Botão Ghost
</button>
`;
